\BOOKMARK [1][-]{Doc-Start}{\376\377\000L\000i\000s\000t\000a\000\040\000d\000e\000\040\000F\000i\000g\000u\000r\000a\000s}{}% 1
\BOOKMARK [1][-]{Doc-Start}{\376\377\000L\000i\000s\000t\000a\000\040\000d\000e\000\040\000T\000a\000b\000l\000a\000s}{}% 2
\BOOKMARK [1][-]{Doc-Start}{\376\377\000L\000i\000s\000t\000\040\000o\000f\000\040\000A\000b\000b\000r\000e\000v\000i\000a\000t\000i\000o\000n\000s}{}% 3
\BOOKMARK [1][-]{section.1}{\376\377\000I\000n\000t\000r\000o\000d\000u\000c\000c\000i\000\363\000n}{}% 4
\BOOKMARK [2][-]{subsection.1.1}{\376\377\000P\000l\000a\000n\000t\000e\000a\000m\000i\000e\000n\000t\000o\000\040\000d\000e\000l\000\040\000p\000r\000o\000b\000l\000e\000m\000a}{section.1}% 5
\BOOKMARK [2][-]{subsection.1.2}{\376\377\000A\000l\000c\000a\000n\000c\000e}{section.1}% 6
\BOOKMARK [2][-]{subsection.1.3}{\376\377\000O\000b\000j\000e\000t\000i\000v\000o\000s}{section.1}% 7
\BOOKMARK [3][-]{subsubsection.1.3.1}{\376\377\000O\000b\000j\000e\000t\000i\000v\000o\000\040\000G\000e\000n\000e\000r\000a\000l}{subsection.1.3}% 8
\BOOKMARK [3][-]{subsubsection.1.3.2}{\376\377\000O\000b\000j\000e\000t\000i\000v\000o\000s\000\040\000E\000s\000p\000e\000c\000\355\000f\000i\000c\000o\000s}{subsection.1.3}% 9
\BOOKMARK [2][-]{subsection.1.4}{\376\377\000P\000r\000o\000p\000u\000e\000s\000t\000a\000\040\000m\000e\000t\000o\000d\000o\000l\000\363\000g\000i\000c\000a}{section.1}% 10
\BOOKMARK [1][-]{section.2}{\376\377\000E\000s\000t\000a\000d\000o\000\040\000d\000e\000l\000\040\000A\000r\000t\000e\000\040\000y\000\040\000M\000a\000r\000c\000o\000\040\000T\000e\000\363\000r\000i\000c\000o}{}% 11
\BOOKMARK [2][-]{subsection.2.1}{\376\377\000E\000s\000t\000a\000d\000o\000\040\000d\000e\000l\000\040\000A\000r\000t\000e}{section.2}% 12
\BOOKMARK [3][-]{subsubsection.2.1.1}{\376\377\000V\000a\000l\000o\000r\000e\000s\000\040\000r\000e\000p\000o\000r\000t\000a\000d\000o\000s\000\040\000e\000n\000\040\000l\000a\000\040\000l\000i\000t\000e\000r\000a\000t\000u\000r\000a}{subsection.2.1}% 13
\BOOKMARK [2][-]{subsection.2.2}{\376\377\000M\000a\000r\000c\000o\000\040\000T\000e\000\363\000r\000i\000c\000o}{section.2}% 14
\BOOKMARK [3][-]{subsubsection.2.2.1}{\376\377\000I\000n\000t\000e\000r\000f\000a\000z\000\040\000f\000i\000b\000r\000a\000\040\000-\000\040\000m\000a\000t\000r\000i\000z}{subsection.2.2}% 15
\BOOKMARK [3][-]{subsubsection.2.2.2}{\376\377\000R\000e\000s\000i\000s\000t\000e\000n\000c\000i\000a\000\040\000a\000l\000\040\000c\000o\000r\000t\000e\000\040\000i\000n\000t\000e\000r\000f\000a\000c\000i\000a\000l\000\040\000\050\000I\000F\000S\000S\000\051}{subsection.2.2}% 16
\BOOKMARK [3][-]{subsubsection.2.2.3}{\376\377\000I\000F\000S\000S\000\040\000a\000p\000a\000r\000e\000n\000t\000e\000\040\000v\000s\000.\000\040\000r\000e\000a\000l}{subsection.2.2}% 17
\BOOKMARK [3][-]{subsubsection.2.2.4}{\376\377\000M\000e\000c\000a\000n\000i\000s\000m\000o\000s\000\040\000d\000e\000\040\000f\000a\000l\000l\000a\000\040\000i\000n\000t\000e\000r\000f\000a\000c\000i\000a\000l}{subsection.2.2}% 18
\BOOKMARK [3][-]{subsubsection.2.2.5}{\376\377\000E\000s\000c\000a\000l\000a\000s\000\040\000d\000e\000\040\000e\000s\000t\000u\000d\000i\000o}{subsection.2.2}% 19
\BOOKMARK [3][-]{subsubsection.2.2.6}{\376\377\000V\000a\000r\000i\000a\000b\000l\000e\000s\000\040\000e\000x\000p\000e\000r\000i\000m\000e\000n\000t\000a\000l\000e\000s\000\040\000q\000u\000e\000\040\000a\000f\000e\000c\000t\000a\000n\000\040\000l\000a\000\040\000I\000F\000S\000S}{subsection.2.2}% 20
\BOOKMARK [3][-]{subsubsection.2.2.7}{\376\377\000E\000n\000s\000a\000y\000o\000s\000\040\000d\000e\000\040\000c\000a\000r\000a\000c\000t\000e\000r\000i\000z\000a\000c\000i\000\363\000n\000\040\000i\000n\000t\000e\000r\000f\000a\000c\000i\000a\000l}{subsection.2.2}% 21
\BOOKMARK [3][-]{subsubsection.2.2.8}{\376\377\000E\000f\000e\000c\000t\000o\000\040\000d\000e\000l\000\040\000s\000i\000z\000i\000n\000g\000\040\000y\000\040\000l\000a\000\040\000t\000o\000p\000o\000g\000r\000a\000f\000\355\000a\000\040\000s\000u\000p\000e\000r\000f\000i\000c\000i\000a\000l}{subsection.2.2}% 22
\BOOKMARK [3][-]{subsubsection.2.2.9}{\376\377\000P\000r\000o\000f\000u\000n\000d\000i\000z\000a\000c\000i\000\363\000n\000\040\000e\000n\000\040\000e\000l\000\040\000r\000o\000l\000\040\000d\000e\000l\000\040\000s\000i\000z\000i\000n\000g}{subsection.2.2}% 23
\BOOKMARK [3][-]{subsubsection.2.2.10}{\376\377\000A\000n\000\341\000l\000i\000s\000i\000s\000\040\000e\000s\000t\000a\000d\000\355\000s\000t\000i\000c\000o\000\040\000\050\000n\000o\000r\000m\000a\000l\000i\000d\000a\000d\000,\000\040\000A\000N\000O\000V\000A\000\040\000y\000\040\000T\000u\000k\000e\000y\000\051}{subsection.2.2}% 24
\BOOKMARK [3][-]{subsubsection.2.2.11}{\376\377\000N\000o\000r\000m\000a\000s\000\040\000y\000\040\000e\000s\000t\000a\000n\000d\000a\000r\000i\000z\000a\000c\000i\000\363\000n}{subsection.2.2}% 25
\BOOKMARK [1][-]{section.3}{\376\377\000M\000e\000t\000o\000d\000o\000l\000o\000g\000\355\000a}{}% 26
\BOOKMARK [2][-]{subsection.3.1}{\376\377\000M\000a\000t\000e\000r\000i\000a\000l\000e\000s}{section.3}% 27
\BOOKMARK [3][-]{subsubsection.3.1.1}{\376\377\000F\000i\000b\000r\000a\000s\000\040\000d\000e\000\040\000c\000a\000r\000b\000o\000n\000o\000\040\000u\000t\000i\000l\000i\000z\000a\000d\000a\000s}{subsection.3.1}% 28
\BOOKMARK [2][-]{subsection.3.2}{\376\377\000D\000i\000s\000e\000\361\000o\000\040\000g\000e\000n\000e\000r\000a\000l\000\040\000d\000e\000\040\000l\000a\000\040\000i\000n\000v\000e\000s\000t\000i\000g\000a\000c\000i\000\363\000n}{section.3}% 29
\BOOKMARK [2][-]{subsection.3.3}{\376\377\000E\000t\000a\000p\000a\000s\000\040\000d\000e\000\040\000d\000e\000s\000a\000r\000r\000o\000l\000l\000o}{section.3}% 30
\BOOKMARK [3][-]{subsubsection.3.3.1}{\376\377\000E\000t\000a\000p\000a\000\040\0001\000:\000\040\000R\000e\000v\000i\000s\000i\000\363\000n\000\040\000d\000e\000\040\000a\000n\000t\000e\000c\000e\000d\000e\000n\000t\000e\000s\000\040\000b\000i\000b\000l\000i\000o\000g\000r\000\341\000f\000i\000c\000o\000s}{subsection.3.3}% 31
\BOOKMARK [3][-]{subsubsection.3.3.2}{\376\377\000E\000t\000a\000p\000a\000\040\0002\000:\000\040\000D\000i\000s\000e\000\361\000o\000\040\000d\000e\000l\000\040\000s\000i\000s\000t\000e\000m\000a\000\040\000e\000x\000p\000e\000r\000i\000m\000e\000n\000t\000a\000l}{subsection.3.3}% 32
\BOOKMARK [3][-]{subsubsection.3.3.3}{\376\377\000E\000t\000a\000p\000a\000\040\0003\000:\000\040\000F\000a\000b\000r\000i\000c\000a\000c\000i\000\363\000n\000\040\000d\000e\000\040\000m\000o\000l\000d\000e\000s\000\040\000d\000e\000\040\000s\000i\000l\000i\000c\000o\000n\000a}{subsection.3.3}% 33
\BOOKMARK [3][-]{subsubsection.3.3.4}{\376\377\000E\000t\000a\000p\000a\000\040\0004\000:\000\040\000F\000a\000b\000r\000i\000c\000a\000c\000i\000\363\000n\000\040\000d\000e\000\040\000p\000r\000o\000b\000e\000t\000a\000s}{subsection.3.3}% 34
\BOOKMARK [3][-]{subsubsection.3.3.5}{\376\377\000E\000t\000a\000p\000a\000\040\0004\000.\0001\000:\000\040\000C\000a\000r\000a\000c\000t\000e\000r\000i\000z\000a\000c\000i\000\363\000n\000\040\000m\000e\000c\000\341\000n\000i\000c\000a\000\040\000d\000e\000\040\000l\000a\000s\000\040\000r\000e\000s\000i\000n\000a\000s\000\040\000e\000p\000\363\000x\000i\000c\000a\000s}{subsection.3.3}% 35
\BOOKMARK [3][-]{subsubsection.3.3.6}{\376\377\000E\000t\000a\000p\000a\000\040\0005\000:\000\040\000E\000j\000e\000c\000u\000c\000i\000\363\000n\000\040\000d\000e\000\040\000l\000o\000s\000\040\000e\000n\000s\000a\000y\000o\000s\000\040\000F\000B\000P\000O}{subsection.3.3}% 36
\BOOKMARK [3][-]{subsubsection.3.3.7}{\376\377\000E\000t\000a\000p\000a\000\040\0006\000:\000\040\000P\000r\000o\000c\000e\000s\000a\000m\000i\000e\000n\000t\000o\000\040\000y\000\040\000a\000n\000\341\000l\000i\000s\000i\000s\000\040\000d\000e\000\040\000d\000a\000t\000o\000s}{subsection.3.3}% 37
\BOOKMARK [2][-]{subsection.3.4}{\376\377\000R\000e\000p\000l\000i\000c\000a\000b\000i\000l\000i\000d\000a\000d\000\040\000y\000\040\000v\000a\000l\000i\000d\000e\000z}{section.3}% 38
\BOOKMARK [1][-]{section.4}{\376\377\000R\000e\000s\000u\000l\000t\000a\000d\000o\000s}{}% 39
\BOOKMARK [2][-]{subsection.4.1}{\376\377\000O\000b\000s\000e\000r\000v\000a\000c\000i\000o\000n\000e\000s\000\040\000v\000i\000s\000u\000a\000l\000e\000s\000\040\000d\000u\000r\000a\000n\000t\000e\000\040\000e\000l\000\040\000e\000n\000s\000a\000y\000o\000\040\000F\000B\000P\000O}{section.4}% 40
\BOOKMARK [2][-]{subsection.4.2}{\376\377\000R\000e\000s\000u\000l\000t\000a\000d\000o\000s\000\040\000p\000r\000e\000l\000i\000m\000i\000n\000a\000r\000e\000s}{section.4}% 41
\BOOKMARK [2][-]{subsection.4.3}{\376\377\000R\000e\000s\000u\000l\000t\000a\000d\000o\000s\000\040\000d\000i\000r\000e\000c\000t\000o\000s\000\040\000d\000e\000\040\000l\000a\000s\000\040\000m\000e\000d\000i\000c\000i\000o\000n\000e\000s}{section.4}% 42
\BOOKMARK [2][-]{subsection.4.4}{\376\377\000C\000o\000m\000p\000a\000r\000a\000c\000i\000\363\000n\000\040\000c\000o\000n\000\040\000v\000a\000l\000o\000r\000e\000s\000\040\000F\000B\000P\000O\000\040\000d\000e\000\040\000r\000e\000f\000e\000r\000e\000n\000c\000i\000a}{section.4}% 43
\BOOKMARK [2][-]{subsection.4.5}{\376\377\000A\000n\000\341\000l\000i\000s\000i\000s\000\040\000e\000s\000t\000a\000d\000\355\000s\000t\000i\000c\000o\000\040\000d\000e\000\040\000l\000o\000s\000\040\000r\000e\000s\000u\000l\000t\000a\000d\000o\000s\000\040\000d\000e\000\040\000I\000F\000S\000S\000\040\000a\000p\000a\000r\000e\000n\000t\000e}{section.4}% 44
\BOOKMARK [1][-]{section.5}{\376\377\000D\000i\000s\000c\000u\000s\000i\000\363\000n}{}% 45
\BOOKMARK [2][-]{subsection.5.1}{\376\377\000I\000n\000t\000e\000r\000p\000r\000e\000t\000a\000c\000i\000\363\000n\000\040\000d\000e\000\040\000l\000o\000s\000\040\000r\000e\000s\000u\000l\000t\000a\000d\000o\000s}{section.5}% 46
\BOOKMARK [2][-]{subsection.5.2}{\376\377\000D\000i\000s\000c\000u\000s\000i\000\363\000n\000\040\000d\000e\000l\000\040\000a\000n\000\341\000l\000i\000s\000i\000s\000\040\000e\000s\000t\000a\000d\000\355\000s\000t\000i\000c\000o\000\040\000d\000e\000l\000\040\000I\000F\000S\000S\000\040\000a\000p\000a\000r\000e\000n\000t\000e}{section.5}% 47
\BOOKMARK [2][-]{subsection.5.3}{\376\377\000R\000e\000l\000a\000c\000i\000\363\000n\000\040\000c\000o\000n\000\040\000e\000l\000\040\000e\000s\000t\000a\000d\000o\000\040\000d\000e\000l\000\040\000a\000r\000t\000e}{section.5}% 48
\BOOKMARK [2][-]{subsection.5.4}{\376\377\000L\000i\000m\000i\000t\000a\000c\000i\000o\000n\000e\000s\000\040\000d\000e\000l\000\040\000e\000s\000t\000u\000d\000i\000o}{section.5}% 49
\BOOKMARK [2][-]{subsection.5.5}{\376\377\000I\000m\000p\000l\000i\000c\000a\000n\000c\000i\000a\000s\000\040\000y\000\040\000p\000r\000o\000y\000e\000c\000c\000i\000o\000n\000e\000s}{section.5}% 50
\BOOKMARK [1][-]{section.6}{\376\377\000C\000o\000n\000c\000l\000u\000s\000i\000o\000n\000e\000s}{}% 51
\BOOKMARK [2][-]{subsection.6.1}{\376\377\000T\000r\000a\000b\000a\000j\000o\000\040\000f\000u\000t\000u\000r\000o}{section.6}% 52
\BOOKMARK [1][-]{subsection.6.1}{\376\377\000R\000e\000f\000e\000r\000e\000n\000c\000i\000a\000s}{}% 53
\BOOKMARK [1][-]{appendix.a.A}{\376\377\000A\000n\000e\000x\000o\000\040\000C\000a\000r\000t\000a\000\040\000G\000a\000n\000t\000t}{}% 54
\BOOKMARK [1][-]{appendix.a.B}{\376\377\000A\000n\000e\000x\000o\000\040\000R\000e\000p\000o\000s\000i\000t\000o\000r\000i\000o\000\040\000I\000F\000S\000S}{}% 55
